Archive member included to satisfy reference by file (symbol)

d:/program files/7.0/toolchain/avr8/avr8-gnu-toolchain/bin/../lib/gcc/avr/5.4.0/../../../../avr/lib/avr5\libm.a(addsf3.o)
                              HALL/lcd.o (__subsf3)
d:/program files/7.0/toolchain/avr8/avr8-gnu-toolchain/bin/../lib/gcc/avr/5.4.0/../../../../avr/lib/avr5\libm.a(addsf3x.o)
                              d:/program files/7.0/toolchain/avr8/avr8-gnu-toolchain/bin/../lib/gcc/avr/5.4.0/../../../../avr/lib/avr5\libm.a(addsf3.o) (__addsf3x)
d:/program files/7.0/toolchain/avr8/avr8-gnu-toolchain/bin/../lib/gcc/avr/5.4.0/../../../../avr/lib/avr5\libm.a(cmpsf2.o)
                              HALL/lcd.o (__ltsf2)
d:/program files/7.0/toolchain/avr8/avr8-gnu-toolchain/bin/../lib/gcc/avr/5.4.0/../../../../avr/lib/avr5\libm.a(divsf3.o)
                              HALL/servo motor.o (__divsf3)
d:/program files/7.0/toolchain/avr8/avr8-gnu-toolchain/bin/../lib/gcc/avr/5.4.0/../../../../avr/lib/avr5\libm.a(divsf3x.o)
                              d:/program files/7.0/toolchain/avr8/avr8-gnu-toolchain/bin/../lib/gcc/avr/5.4.0/../../../../avr/lib/avr5\libm.a(divsf3.o) (__divsf3x)
d:/program files/7.0/toolchain/avr8/avr8-gnu-toolchain/bin/../lib/gcc/avr/5.4.0/../../../../avr/lib/avr5\libm.a(fixsfsi.o)
                              HALL/lcd.o (__fixsfsi)
d:/program files/7.0/toolchain/avr8/avr8-gnu-toolchain/bin/../lib/gcc/avr/5.4.0/../../../../avr/lib/avr5\libm.a(fixunssfsi.o)
                              HALL/LM_35.o (__fixunssfsi)
d:/program files/7.0/toolchain/avr8/avr8-gnu-toolchain/bin/../lib/gcc/avr/5.4.0/../../../../avr/lib/avr5\libm.a(floatsisf.o)
                              HALL/LM_35.o (__floatunsisf)
d:/program files/7.0/toolchain/avr8/avr8-gnu-toolchain/bin/../lib/gcc/avr/5.4.0/../../../../avr/lib/avr5\libm.a(fp_cmp.o)
                              d:/program files/7.0/toolchain/avr8/avr8-gnu-toolchain/bin/../lib/gcc/avr/5.4.0/../../../../avr/lib/avr5\libm.a(cmpsf2.o) (__fp_cmp)
d:/program files/7.0/toolchain/avr8/avr8-gnu-toolchain/bin/../lib/gcc/avr/5.4.0/../../../../avr/lib/avr5\libm.a(fp_inf.o)
                              d:/program files/7.0/toolchain/avr8/avr8-gnu-toolchain/bin/../lib/gcc/avr/5.4.0/../../../../avr/lib/avr5\libm.a(addsf3x.o) (__fp_inf)
d:/program files/7.0/toolchain/avr8/avr8-gnu-toolchain/bin/../lib/gcc/avr/5.4.0/../../../../avr/lib/avr5\libm.a(fp_nan.o)
                              d:/program files/7.0/toolchain/avr8/avr8-gnu-toolchain/bin/../lib/gcc/avr/5.4.0/../../../../avr/lib/avr5\libm.a(addsf3x.o) (__fp_nan)
d:/program files/7.0/toolchain/avr8/avr8-gnu-toolchain/bin/../lib/gcc/avr/5.4.0/../../../../avr/lib/avr5\libm.a(fp_pscA.o)
                              d:/program files/7.0/toolchain/avr8/avr8-gnu-toolchain/bin/../lib/gcc/avr/5.4.0/../../../../avr/lib/avr5\libm.a(addsf3x.o) (__fp_pscA)
d:/program files/7.0/toolchain/avr8/avr8-gnu-toolchain/bin/../lib/gcc/avr/5.4.0/../../../../avr/lib/avr5\libm.a(fp_pscB.o)
                              d:/program files/7.0/toolchain/avr8/avr8-gnu-toolchain/bin/../lib/gcc/avr/5.4.0/../../../../avr/lib/avr5\libm.a(addsf3x.o) (__fp_pscB)
d:/program files/7.0/toolchain/avr8/avr8-gnu-toolchain/bin/../lib/gcc/avr/5.4.0/../../../../avr/lib/avr5\libm.a(fp_round.o)
                              d:/program files/7.0/toolchain/avr8/avr8-gnu-toolchain/bin/../lib/gcc/avr/5.4.0/../../../../avr/lib/avr5\libm.a(addsf3.o) (__fp_round)
d:/program files/7.0/toolchain/avr8/avr8-gnu-toolchain/bin/../lib/gcc/avr/5.4.0/../../../../avr/lib/avr5\libm.a(fp_split3.o)
                              d:/program files/7.0/toolchain/avr8/avr8-gnu-toolchain/bin/../lib/gcc/avr/5.4.0/../../../../avr/lib/avr5\libm.a(addsf3x.o) (__fp_split3)
d:/program files/7.0/toolchain/avr8/avr8-gnu-toolchain/bin/../lib/gcc/avr/5.4.0/../../../../avr/lib/avr5\libm.a(fp_zero.o)
                              d:/program files/7.0/toolchain/avr8/avr8-gnu-toolchain/bin/../lib/gcc/avr/5.4.0/../../../../avr/lib/avr5\libm.a(addsf3x.o) (__fp_zero)
d:/program files/7.0/toolchain/avr8/avr8-gnu-toolchain/bin/../lib/gcc/avr/5.4.0/../../../../avr/lib/avr5\libm.a(mulsf3.o)
                              HALL/LM_35.o (__mulsf3)
d:/program files/7.0/toolchain/avr8/avr8-gnu-toolchain/bin/../lib/gcc/avr/5.4.0/../../../../avr/lib/avr5\libm.a(mulsf3x.o)
                              d:/program files/7.0/toolchain/avr8/avr8-gnu-toolchain/bin/../lib/gcc/avr/5.4.0/../../../../avr/lib/avr5\libm.a(mulsf3.o) (__mulsf3x)
d:/program files/7.0/toolchain/avr8/avr8-gnu-toolchain/bin/../lib/gcc/avr/5.4.0/avr5\libgcc.a(_divmodhi4.o)
                              HALL/seven_segment.o (__divmodhi4)
d:/program files/7.0/toolchain/avr8/avr8-gnu-toolchain/bin/../lib/gcc/avr/5.4.0/avr5\libgcc.a(_udivmodsi4.o)
                              HALL/lcd.o (__udivmodsi4)
d:/program files/7.0/toolchain/avr8/avr8-gnu-toolchain/bin/../lib/gcc/avr/5.4.0/avr5\libgcc.a(_divmodsi4.o)
                              HALL/lcd.o (__divmodsi4)
d:/program files/7.0/toolchain/avr8/avr8-gnu-toolchain/bin/../lib/gcc/avr/5.4.0/avr5\libgcc.a(_negsi2.o)
                              d:/program files/7.0/toolchain/avr8/avr8-gnu-toolchain/bin/../lib/gcc/avr/5.4.0/avr5\libgcc.a(_divmodsi4.o) (__negsi2)
d:/program files/7.0/toolchain/avr8/avr8-gnu-toolchain/bin/../lib/gcc/avr/5.4.0/avr5\libgcc.a(_exit.o)
                              D:/Program Files/7.0/Packs/atmel/ATmega_DFP/1.7.374/gcc/dev/atmega32/avr5/crtatmega32.o (exit)
d:/program files/7.0/toolchain/avr8/avr8-gnu-toolchain/bin/../lib/gcc/avr/5.4.0/avr5\libgcc.a(_tablejump2.o)
                              MCAL/ADC.o (__tablejump2__)
d:/program files/7.0/toolchain/avr8/avr8-gnu-toolchain/bin/../lib/gcc/avr/5.4.0/avr5\libgcc.a(_copy_data.o)
                              HALL/seven_segment.o (__do_copy_data)
d:/program files/7.0/toolchain/avr8/avr8-gnu-toolchain/bin/../lib/gcc/avr/5.4.0/avr5\libgcc.a(_clear_bss.o)
                              main.o (__do_clear_bss)
d:/program files/7.0/toolchain/avr8/avr8-gnu-toolchain/bin/../lib/gcc/avr/5.4.0/avr5\libgcc.a(_umulhisi3.o)
                              HALL/LM_35.o (__umulhisi3)
d:/program files/7.0/toolchain/avr8/avr8-gnu-toolchain/bin/../lib/gcc/avr/5.4.0/avr5\libgcc.a(_udivmodhi4.o)
                              d:/program files/7.0/toolchain/avr8/avr8-gnu-toolchain/bin/../lib/gcc/avr/5.4.0/avr5\libgcc.a(_divmodhi4.o) (__udivmodhi4)

Allocating common symbols
Common symbol       size              file

data1               0x1               main.o

Discarded input sections

 .data          0x00000000        0x0 D:/Program Files/7.0/Packs/atmel/ATmega_DFP/1.7.374/gcc/dev/atmega32/avr5/crtatmega32.o
 .bss           0x00000000        0x0 D:/Program Files/7.0/Packs/atmel/ATmega_DFP/1.7.374/gcc/dev/atmega32/avr5/crtatmega32.o
 .text          0x00000000        0x0 HALL/DC_Motor.o
 .data          0x00000000        0x0 HALL/DC_Motor.o
 .bss           0x00000000        0x0 HALL/DC_Motor.o
 .text.HALL_DC_MOTOR_stop
                0x00000000       0x38 HALL/DC_Motor.o
 .text          0x00000000        0x0 HALL/LDR.o
 .data          0x00000000        0x0 HALL/LDR.o
 .bss           0x00000000        0x0 HALL/LDR.o
 .text          0x00000000        0x0 HALL/LM_35.o
 .data          0x00000000        0x0 HALL/LM_35.o
 .bss           0x00000000        0x0 HALL/LM_35.o
 .text          0x00000000        0x0 HALL/servo motor.o
 .data          0x00000000        0x0 HALL/servo motor.o
 .bss           0x00000000        0x0 HALL/servo motor.o
 .text          0x00000000        0x0 HALL/seven_segment.o
 .data          0x00000000        0x0 HALL/seven_segment.o
 .bss           0x00000000        0x0 HALL/seven_segment.o
 .text.seven_segment_number
                0x00000000       0x36 HALL/seven_segment.o
 .text.two_seven_segment
                0x00000000       0x6a HALL/seven_segment.o
 .text.three_seven_segment
                0x00000000       0x98 HALL/seven_segment.o
 .rodata.segment_number
                0x00000000        0xa HALL/seven_segment.o
 .debug_info    0x00000000      0x2fd HALL/seven_segment.o
 .debug_abbrev  0x00000000      0x12a HALL/seven_segment.o
 .debug_loc     0x00000000      0x2d3 HALL/seven_segment.o
 .debug_aranges
                0x00000000       0x30 HALL/seven_segment.o
 .debug_ranges  0x00000000       0x20 HALL/seven_segment.o
 .debug_line    0x00000000      0x26a HALL/seven_segment.o
 .debug_str     0x00000000      0x211 HALL/seven_segment.o
 .comment       0x00000000       0x31 HALL/seven_segment.o
 .debug_frame   0x00000000       0x50 HALL/seven_segment.o
 .text          0x00000000        0x0 HALL/keypad.o
 .data          0x00000000        0x0 HALL/keypad.o
 .bss           0x00000000        0x0 HALL/keypad.o
 .text.keypad_init
                0x00000000       0x12 HALL/keypad.o
 .text.git_char
                0x00000000      0x148 HALL/keypad.o
 .data.keypad_colom
                0x00000000        0x8 HALL/keypad.o
 .data.keypad_row
                0x00000000        0x8 HALL/keypad.o
 .debug_info    0x00000000      0x108 HALL/keypad.o
 .debug_abbrev  0x00000000       0xa2 HALL/keypad.o
 .debug_loc     0x00000000       0x58 HALL/keypad.o
 .debug_aranges
                0x00000000       0x28 HALL/keypad.o
 .debug_ranges  0x00000000       0x48 HALL/keypad.o
 .debug_line    0x00000000      0x1d5 HALL/keypad.o
 .debug_str     0x00000000      0x197 HALL/keypad.o
 .comment       0x00000000       0x31 HALL/keypad.o
 .debug_frame   0x00000000       0x34 HALL/keypad.o
 .text          0x00000000        0x0 HALL/lcd.o
 .data          0x00000000        0x0 HALL/lcd.o
 .bss           0x00000000        0x0 HALL/lcd.o
 .text.display_float_number
                0x00000000      0x156 HALL/lcd.o
 .text          0x00000000        0x0 HALL/stepper_motor.o
 .data          0x00000000        0x0 HALL/stepper_motor.o
 .bss           0x00000000        0x0 HALL/stepper_motor.o
 .text.stepper_morot_deinit
                0x00000000       0x3c HALL/stepper_motor.o
 .text.stepper_morot_CW
                0x00000000      0x128 HALL/stepper_motor.o
 .text          0x00000000        0x0 main.o
 .data          0x00000000        0x0 main.o
 .bss           0x00000000        0x0 main.o
 .text          0x00000000        0x0 MCAL/ADC.o
 .data          0x00000000        0x0 MCAL/ADC.o
 .bss           0x00000000        0x0 MCAL/ADC.o
 .text          0x00000000        0x0 MCAL/DIO.o
 .data          0x00000000        0x0 MCAL/DIO.o
 .bss           0x00000000        0x0 MCAL/DIO.o
 .text.MCAL_DIO_PORT_Dir
                0x00000000       0x20 MCAL/DIO.o
 .text.MCAL_DIO_PORT_val
                0x00000000       0x20 MCAL/DIO.o
 .text.MCAL_DIO_PIN_toggle
                0x00000000       0x68 MCAL/DIO.o
 .text.MCAL_DIO_Read_pin
                0x00000000       0x5a MCAL/DIO.o
 .text.MCAL_DIO_PIN_PULL_UP
                0x00000000       0x68 MCAL/DIO.o
 .text          0x00000000        0x0 MCAL/EXTI.o
 .data          0x00000000        0x0 MCAL/EXTI.o
 .bss           0x00000000        0x0 MCAL/EXTI.o
 .text.MCAL_EXTI_1_ENABLE
                0x00000000       0x66 MCAL/EXTI.o
 .text.MCAL_EXTI_0_ENABLE
                0x00000000       0x66 MCAL/EXTI.o
 .text.MCAL_EXTI_2_ENABLE
                0x00000000       0x38 MCAL/EXTI.o
 .text          0x00000000        0x0 MCAL/PWM.o
 .data          0x00000000        0x0 MCAL/PWM.o
 .bss           0x00000000        0x0 MCAL/PWM.o
 .text.PWM0_Stop
                0x00000000       0x14 MCAL/PWM.o
 .text          0x00000000        0x0 MCAL/SPI.o
 .data          0x00000000        0x0 MCAL/SPI.o
 .bss           0x00000000        0x0 MCAL/SPI.o
 .text.MCAL_SPI_SEND
                0x00000000        0xc MCAL/SPI.o
 .text.MCAL_SPI_send_resive
                0x00000000       0x16 MCAL/SPI.o
 .text.SPI_STC  0x00000000       0x12 MCAL/SPI.o
 .text          0x00000000        0x0 MCAL/UART.o
 .data          0x00000000        0x0 MCAL/UART.o
 .bss           0x00000000        0x0 MCAL/UART.o
 .text.UART_INIT
                0x00000000       0x3c MCAL/UART.o
 .text.UART_SEND_char
                0x00000000        0x8 MCAL/UART.o
 .text.UART_RESIVED
                0x00000000        0x8 MCAL/UART.o
 .text.UART_SendString
                0x00000000       0x38 MCAL/UART.o
 .text.UART_ReceiveString
                0x00000000       0x42 MCAL/UART.o
 .text.UART_RESIVED_Perodic_ckeck
                0x00000000       0x10 MCAL/UART.o
 .text.UART_send_Perodic_ckeck
                0x00000000       0x1a MCAL/UART.o
 .text.UART_send_noblock
                0x00000000        0x4 MCAL/UART.o
 .text.UART_resived_noblock
                0x00000000        0x4 MCAL/UART.o
 .text.RX_interrput_enable
                0x00000000        0xe MCAL/UART.o
 .text.RX_interrput_disable
                0x00000000        0xe MCAL/UART.o
 .text.TX_interrput_enable
                0x00000000        0xe MCAL/UART.o
 .text.TX_interrput_disable
                0x00000000        0xe MCAL/UART.o
 .text.UART_ASYCH_SEND_STRING
                0x00000000       0x2c MCAL/UART.o
 .text.ISR      0x00000000       0x32 MCAL/UART.o
 .data.i.1688   0x00000000        0x1 MCAL/UART.o
 .bss.TX_Str    0x00000000        0x2 MCAL/UART.o
 .data.flag_send
                0x00000000        0x1 MCAL/UART.o
 .debug_info    0x00000000      0x32c MCAL/UART.o
 .debug_abbrev  0x00000000      0x17b MCAL/UART.o
 .debug_loc     0x00000000      0x23f MCAL/UART.o
 .debug_aranges
                0x00000000       0x90 MCAL/UART.o
 .debug_ranges  0x00000000       0x80 MCAL/UART.o
 .debug_line    0x00000000      0x2f7 MCAL/UART.o
 .debug_str     0x00000000      0x294 MCAL/UART.o
 .comment       0x00000000       0x31 MCAL/UART.o
 .debug_frame   0x00000000      0x140 MCAL/UART.o
 .text          0x00000000        0x0 d:/program files/7.0/toolchain/avr8/avr8-gnu-toolchain/bin/../lib/gcc/avr/5.4.0/../../../../avr/lib/avr5\libm.a(addsf3.o)
 .data          0x00000000        0x0 d:/program files/7.0/toolchain/avr8/avr8-gnu-toolchain/bin/../lib/gcc/avr/5.4.0/../../../../avr/lib/avr5\libm.a(addsf3.o)
 .bss           0x00000000        0x0 d:/program files/7.0/toolchain/avr8/avr8-gnu-toolchain/bin/../lib/gcc/avr/5.4.0/../../../../avr/lib/avr5\libm.a(addsf3.o)
 .text          0x00000000        0x0 d:/program files/7.0/toolchain/avr8/avr8-gnu-toolchain/bin/../lib/gcc/avr/5.4.0/../../../../avr/lib/avr5\libm.a(addsf3x.o)
 .data          0x00000000        0x0 d:/program files/7.0/toolchain/avr8/avr8-gnu-toolchain/bin/../lib/gcc/avr/5.4.0/../../../../avr/lib/avr5\libm.a(addsf3x.o)
 .bss           0x00000000        0x0 d:/program files/7.0/toolchain/avr8/avr8-gnu-toolchain/bin/../lib/gcc/avr/5.4.0/../../../../avr/lib/avr5\libm.a(addsf3x.o)
 .text          0x00000000        0x0 d:/program files/7.0/toolchain/avr8/avr8-gnu-toolchain/bin/../lib/gcc/avr/5.4.0/../../../../avr/lib/avr5\libm.a(cmpsf2.o)
 .data          0x00000000        0x0 d:/program files/7.0/toolchain/avr8/avr8-gnu-toolchain/bin/../lib/gcc/avr/5.4.0/../../../../avr/lib/avr5\libm.a(cmpsf2.o)
 .bss           0x00000000        0x0 d:/program files/7.0/toolchain/avr8/avr8-gnu-toolchain/bin/../lib/gcc/avr/5.4.0/../../../../avr/lib/avr5\libm.a(cmpsf2.o)
 .text          0x00000000        0x0 d:/program files/7.0/toolchain/avr8/avr8-gnu-toolchain/bin/../lib/gcc/avr/5.4.0/../../../../avr/lib/avr5\libm.a(divsf3.o)
 .data          0x00000000        0x0 d:/program files/7.0/toolchain/avr8/avr8-gnu-toolchain/bin/../lib/gcc/avr/5.4.0/../../../../avr/lib/avr5\libm.a(divsf3.o)
 .bss           0x00000000        0x0 d:/program files/7.0/toolchain/avr8/avr8-gnu-toolchain/bin/../lib/gcc/avr/5.4.0/../../../../avr/lib/avr5\libm.a(divsf3.o)
 .text          0x00000000        0x0 d:/program files/7.0/toolchain/avr8/avr8-gnu-toolchain/bin/../lib/gcc/avr/5.4.0/../../../../avr/lib/avr5\libm.a(divsf3x.o)
 .data          0x00000000        0x0 d:/program files/7.0/toolchain/avr8/avr8-gnu-toolchain/bin/../lib/gcc/avr/5.4.0/../../../../avr/lib/avr5\libm.a(divsf3x.o)
 .bss           0x00000000        0x0 d:/program files/7.0/toolchain/avr8/avr8-gnu-toolchain/bin/../lib/gcc/avr/5.4.0/../../../../avr/lib/avr5\libm.a(divsf3x.o)
 .text          0x00000000        0x0 d:/program files/7.0/toolchain/avr8/avr8-gnu-toolchain/bin/../lib/gcc/avr/5.4.0/../../../../avr/lib/avr5\libm.a(fixsfsi.o)
 .data          0x00000000        0x0 d:/program files/7.0/toolchain/avr8/avr8-gnu-toolchain/bin/../lib/gcc/avr/5.4.0/../../../../avr/lib/avr5\libm.a(fixsfsi.o)
 .bss           0x00000000        0x0 d:/program files/7.0/toolchain/avr8/avr8-gnu-toolchain/bin/../lib/gcc/avr/5.4.0/../../../../avr/lib/avr5\libm.a(fixsfsi.o)
 .text.avr-libc.fplib
                0x00000000        0xe d:/program files/7.0/toolchain/avr8/avr8-gnu-toolchain/bin/../lib/gcc/avr/5.4.0/../../../../avr/lib/avr5\libm.a(fixsfsi.o)
 .text          0x00000000        0x0 d:/program files/7.0/toolchain/avr8/avr8-gnu-toolchain/bin/../lib/gcc/avr/5.4.0/../../../../avr/lib/avr5\libm.a(fixunssfsi.o)
 .data          0x00000000        0x0 d:/program files/7.0/toolchain/avr8/avr8-gnu-toolchain/bin/../lib/gcc/avr/5.4.0/../../../../avr/lib/avr5\libm.a(fixunssfsi.o)
 .bss           0x00000000        0x0 d:/program files/7.0/toolchain/avr8/avr8-gnu-toolchain/bin/../lib/gcc/avr/5.4.0/../../../../avr/lib/avr5\libm.a(fixunssfsi.o)
 .text          0x00000000        0x0 d:/program files/7.0/toolchain/avr8/avr8-gnu-toolchain/bin/../lib/gcc/avr/5.4.0/../../../../avr/lib/avr5\libm.a(floatsisf.o)
 .data          0x00000000        0x0 d:/program files/7.0/toolchain/avr8/avr8-gnu-toolchain/bin/../lib/gcc/avr/5.4.0/../../../../avr/lib/avr5\libm.a(floatsisf.o)
 .bss           0x00000000        0x0 d:/program files/7.0/toolchain/avr8/avr8-gnu-toolchain/bin/../lib/gcc/avr/5.4.0/../../../../avr/lib/avr5\libm.a(floatsisf.o)
 .text          0x00000000        0x0 d:/program files/7.0/toolchain/avr8/avr8-gnu-toolchain/bin/../lib/gcc/avr/5.4.0/../../../../avr/lib/avr5\libm.a(fp_cmp.o)
 .data          0x00000000        0x0 d:/program files/7.0/toolchain/avr8/avr8-gnu-toolchain/bin/../lib/gcc/avr/5.4.0/../../../../avr/lib/avr5\libm.a(fp_cmp.o)
 .bss           0x00000000        0x0 d:/program files/7.0/toolchain/avr8/avr8-gnu-toolchain/bin/../lib/gcc/avr/5.4.0/../../../../avr/lib/avr5\libm.a(fp_cmp.o)
 .text          0x00000000        0x0 d:/program files/7.0/toolchain/avr8/avr8-gnu-toolchain/bin/../lib/gcc/avr/5.4.0/../../../../avr/lib/avr5\libm.a(fp_inf.o)
 .data          0x00000000        0x0 d:/program files/7.0/toolchain/avr8/avr8-gnu-toolchain/bin/../lib/gcc/avr/5.4.0/../../../../avr/lib/avr5\libm.a(fp_inf.o)
 .bss           0x00000000        0x0 d:/program files/7.0/toolchain/avr8/avr8-gnu-toolchain/bin/../lib/gcc/avr/5.4.0/../../../../avr/lib/avr5\libm.a(fp_inf.o)
 .text          0x00000000        0x0 d:/program files/7.0/toolchain/avr8/avr8-gnu-toolchain/bin/../lib/gcc/avr/5.4.0/../../../../avr/lib/avr5\libm.a(fp_nan.o)
 .data          0x00000000        0x0 d:/program files/7.0/toolchain/avr8/avr8-gnu-toolchain/bin/../lib/gcc/avr/5.4.0/../../../../avr/lib/avr5\libm.a(fp_nan.o)
 .bss           0x00000000        0x0 d:/program files/7.0/toolchain/avr8/avr8-gnu-toolchain/bin/../lib/gcc/avr/5.4.0/../../../../avr/lib/avr5\libm.a(fp_nan.o)
 .text          0x00000000        0x0 d:/program files/7.0/toolchain/avr8/avr8-gnu-toolchain/bin/../lib/gcc/avr/5.4.0/../../../../avr/lib/avr5\libm.a(fp_pscA.o)
 .data          0x00000000        0x0 d:/program files/7.0/toolchain/avr8/avr8-gnu-toolchain/bin/../lib/gcc/avr/5.4.0/../../../../avr/lib/avr5\libm.a(fp_pscA.o)
 .bss           0x00000000        0x0 d:/program files/7.0/toolchain/avr8/avr8-gnu-toolchain/bin/../lib/gcc/avr/5.4.0/../../../../avr/lib/avr5\libm.a(fp_pscA.o)
 .text          0x00000000        0x0 d:/program files/7.0/toolchain/avr8/avr8-gnu-toolchain/bin/../lib/gcc/avr/5.4.0/../../../../avr/lib/avr5\libm.a(fp_pscB.o)
 .data          0x00000000        0x0 d:/program files/7.0/toolchain/avr8/avr8-gnu-toolchain/bin/../lib/gcc/avr/5.4.0/../../../../avr/lib/avr5\libm.a(fp_pscB.o)
 .bss           0x00000000        0x0 d:/program files/7.0/toolchain/avr8/avr8-gnu-toolchain/bin/../lib/gcc/avr/5.4.0/../../../../avr/lib/avr5\libm.a(fp_pscB.o)
 .text          0x00000000        0x0 d:/program files/7.0/toolchain/avr8/avr8-gnu-toolchain/bin/../lib/gcc/avr/5.4.0/../../../../avr/lib/avr5\libm.a(fp_round.o)
 .data          0x00000000        0x0 d:/program files/7.0/toolchain/avr8/avr8-gnu-toolchain/bin/../lib/gcc/avr/5.4.0/../../../../avr/lib/avr5\libm.a(fp_round.o)
 .bss           0x00000000        0x0 d:/program files/7.0/toolchain/avr8/avr8-gnu-toolchain/bin/../lib/gcc/avr/5.4.0/../../../../avr/lib/avr5\libm.a(fp_round.o)
 .text          0x00000000        0x0 d:/program files/7.0/toolchain/avr8/avr8-gnu-toolchain/bin/../lib/gcc/avr/5.4.0/../../../../avr/lib/avr5\libm.a(fp_split3.o)
 .data          0x00000000        0x0 d:/program files/7.0/toolchain/avr8/avr8-gnu-toolchain/bin/../lib/gcc/avr/5.4.0/../../../../avr/lib/avr5\libm.a(fp_split3.o)
 .bss           0x00000000        0x0 d:/program files/7.0/toolchain/avr8/avr8-gnu-toolchain/bin/../lib/gcc/avr/5.4.0/../../../../avr/lib/avr5\libm.a(fp_split3.o)
 .text          0x00000000        0x0 d:/program files/7.0/toolchain/avr8/avr8-gnu-toolchain/bin/../lib/gcc/avr/5.4.0/../../../../avr/lib/avr5\libm.a(fp_zero.o)
 .data          0x00000000        0x0 d:/program files/7.0/toolchain/avr8/avr8-gnu-toolchain/bin/../lib/gcc/avr/5.4.0/../../../../avr/lib/avr5\libm.a(fp_zero.o)
 .bss           0x00000000        0x0 d:/program files/7.0/toolchain/avr8/avr8-gnu-toolchain/bin/../lib/gcc/avr/5.4.0/../../../../avr/lib/avr5\libm.a(fp_zero.o)
 .text          0x00000000        0x0 d:/program files/7.0/toolchain/avr8/avr8-gnu-toolchain/bin/../lib/gcc/avr/5.4.0/../../../../avr/lib/avr5\libm.a(mulsf3.o)
 .data          0x00000000        0x0 d:/program files/7.0/toolchain/avr8/avr8-gnu-toolchain/bin/../lib/gcc/avr/5.4.0/../../../../avr/lib/avr5\libm.a(mulsf3.o)
 .bss           0x00000000        0x0 d:/program files/7.0/toolchain/avr8/avr8-gnu-toolchain/bin/../lib/gcc/avr/5.4.0/../../../../avr/lib/avr5\libm.a(mulsf3.o)
 .text          0x00000000        0x0 d:/program files/7.0/toolchain/avr8/avr8-gnu-toolchain/bin/../lib/gcc/avr/5.4.0/../../../../avr/lib/avr5\libm.a(mulsf3x.o)
 .data          0x00000000        0x0 d:/program files/7.0/toolchain/avr8/avr8-gnu-toolchain/bin/../lib/gcc/avr/5.4.0/../../../../avr/lib/avr5\libm.a(mulsf3x.o)
 .bss           0x00000000        0x0 d:/program files/7.0/toolchain/avr8/avr8-gnu-toolchain/bin/../lib/gcc/avr/5.4.0/../../../../avr/lib/avr5\libm.a(mulsf3x.o)
 .text          0x00000000        0x0 d:/program files/7.0/toolchain/avr8/avr8-gnu-toolchain/bin/../lib/gcc/avr/5.4.0/avr5\libgcc.a(_divmodhi4.o)
 .data          0x00000000        0x0 d:/program files/7.0/toolchain/avr8/avr8-gnu-toolchain/bin/../lib/gcc/avr/5.4.0/avr5\libgcc.a(_divmodhi4.o)
 .bss           0x00000000        0x0 d:/program files/7.0/toolchain/avr8/avr8-gnu-toolchain/bin/../lib/gcc/avr/5.4.0/avr5\libgcc.a(_divmodhi4.o)
 .text.libgcc.mul
                0x00000000        0x0 d:/program files/7.0/toolchain/avr8/avr8-gnu-toolchain/bin/../lib/gcc/avr/5.4.0/avr5\libgcc.a(_divmodhi4.o)
 .text.libgcc.div
                0x00000000       0x28 d:/program files/7.0/toolchain/avr8/avr8-gnu-toolchain/bin/../lib/gcc/avr/5.4.0/avr5\libgcc.a(_divmodhi4.o)
 .text.libgcc   0x00000000        0x0 d:/program files/7.0/toolchain/avr8/avr8-gnu-toolchain/bin/../lib/gcc/avr/5.4.0/avr5\libgcc.a(_divmodhi4.o)
 .text.libgcc.prologue
                0x00000000        0x0 d:/program files/7.0/toolchain/avr8/avr8-gnu-toolchain/bin/../lib/gcc/avr/5.4.0/avr5\libgcc.a(_divmodhi4.o)
 .text.libgcc.builtins
                0x00000000        0x0 d:/program files/7.0/toolchain/avr8/avr8-gnu-toolchain/bin/../lib/gcc/avr/5.4.0/avr5\libgcc.a(_divmodhi4.o)
 .text.libgcc.fmul
                0x00000000        0x0 d:/program files/7.0/toolchain/avr8/avr8-gnu-toolchain/bin/../lib/gcc/avr/5.4.0/avr5\libgcc.a(_divmodhi4.o)
 .text.libgcc.fixed
                0x00000000        0x0 d:/program files/7.0/toolchain/avr8/avr8-gnu-toolchain/bin/../lib/gcc/avr/5.4.0/avr5\libgcc.a(_divmodhi4.o)
 .text          0x00000000        0x0 d:/program files/7.0/toolchain/avr8/avr8-gnu-toolchain/bin/../lib/gcc/avr/5.4.0/avr5\libgcc.a(_udivmodsi4.o)
 .data          0x00000000        0x0 d:/program files/7.0/toolchain/avr8/avr8-gnu-toolchain/bin/../lib/gcc/avr/5.4.0/avr5\libgcc.a(_udivmodsi4.o)
 .bss           0x00000000        0x0 d:/program files/7.0/toolchain/avr8/avr8-gnu-toolchain/bin/../lib/gcc/avr/5.4.0/avr5\libgcc.a(_udivmodsi4.o)
 .text.libgcc.mul
                0x00000000        0x0 d:/program files/7.0/toolchain/avr8/avr8-gnu-toolchain/bin/../lib/gcc/avr/5.4.0/avr5\libgcc.a(_udivmodsi4.o)
 .text.libgcc   0x00000000        0x0 d:/program files/7.0/toolchain/avr8/avr8-gnu-toolchain/bin/../lib/gcc/avr/5.4.0/avr5\libgcc.a(_udivmodsi4.o)
 .text.libgcc.prologue
                0x00000000        0x0 d:/program files/7.0/toolchain/avr8/avr8-gnu-toolchain/bin/../lib/gcc/avr/5.4.0/avr5\libgcc.a(_udivmodsi4.o)
 .text.libgcc.builtins
                0x00000000        0x0 d:/program files/7.0/toolchain/avr8/avr8-gnu-toolchain/bin/../lib/gcc/avr/5.4.0/avr5\libgcc.a(_udivmodsi4.o)
 .text.libgcc.fmul
                0x00000000        0x0 d:/program files/7.0/toolchain/avr8/avr8-gnu-toolchain/bin/../lib/gcc/avr/5.4.0/avr5\libgcc.a(_udivmodsi4.o)
 .text.libgcc.fixed
                0x00000000        0x0 d:/program files/7.0/toolchain/avr8/avr8-gnu-toolchain/bin/../lib/gcc/avr/5.4.0/avr5\libgcc.a(_udivmodsi4.o)
 .text          0x00000000        0x0 d:/program files/7.0/toolchain/avr8/avr8-gnu-toolchain/bin/../lib/gcc/avr/5.4.0/avr5\libgcc.a(_divmodsi4.o)
 .data          0x00000000        0x0 d:/program files/7.0/toolchain/avr8/avr8-gnu-toolchain/bin/../lib/gcc/avr/5.4.0/avr5\libgcc.a(_divmodsi4.o)
 .bss           0x00000000        0x0 d:/program files/7.0/toolchain/avr8/avr8-gnu-toolchain/bin/../lib/gcc/avr/5.4.0/avr5\libgcc.a(_divmodsi4.o)
 .text.libgcc.mul
                0x00000000        0x0 d:/program files/7.0/toolchain/avr8/avr8-gnu-toolchain/bin/../lib/gcc/avr/5.4.0/avr5\libgcc.a(_divmodsi4.o)
 .text.libgcc.div
                0x00000000       0x2e d:/program files/7.0/toolchain/avr8/avr8-gnu-toolchain/bin/../lib/gcc/avr/5.4.0/avr5\libgcc.a(_divmodsi4.o)
 .text.libgcc   0x00000000        0x0 d:/program files/7.0/toolchain/avr8/avr8-gnu-toolchain/bin/../lib/gcc/avr/5.4.0/avr5\libgcc.a(_divmodsi4.o)
 .text.libgcc.prologue
                0x00000000        0x0 d:/program files/7.0/toolchain/avr8/avr8-gnu-toolchain/bin/../lib/gcc/avr/5.4.0/avr5\libgcc.a(_divmodsi4.o)
 .text.libgcc.builtins
                0x00000000        0x0 d:/program files/7.0/toolchain/avr8/avr8-gnu-toolchain/bin/../lib/gcc/avr/5.4.0/avr5\libgcc.a(_divmodsi4.o)
 .text.libgcc.fmul
                0x00000000        0x0 d:/program files/7.0/toolchain/avr8/avr8-gnu-toolchain/bin/../lib/gcc/avr/5.4.0/avr5\libgcc.a(_divmodsi4.o)
 .text.libgcc.fixed
                0x00000000        0x0 d:/program files/7.0/toolchain/avr8/avr8-gnu-toolchain/bin/../lib/gcc/avr/5.4.0/avr5\libgcc.a(_divmodsi4.o)
 .text          0x00000000        0x0 d:/program files/7.0/toolchain/avr8/avr8-gnu-toolchain/bin/../lib/gcc/avr/5.4.0/avr5\libgcc.a(_negsi2.o)
 .data          0x00000000        0x0 d:/program files/7.0/toolchain/avr8/avr8-gnu-toolchain/bin/../lib/gcc/avr/5.4.0/avr5\libgcc.a(_negsi2.o)
 .bss           0x00000000        0x0 d:/program files/7.0/toolchain/avr8/avr8-gnu-toolchain/bin/../lib/gcc/avr/5.4.0/avr5\libgcc.a(_negsi2.o)
 .text.libgcc.mul
                0x00000000        0x0 d:/program files/7.0/toolchain/avr8/avr8-gnu-toolchain/bin/../lib/gcc/avr/5.4.0/avr5\libgcc.a(_negsi2.o)
 .text.libgcc.div
                0x00000000       0x10 d:/program files/7.0/toolchain/avr8/avr8-gnu-toolchain/bin/../lib/gcc/avr/5.4.0/avr5\libgcc.a(_negsi2.o)
 .text.libgcc   0x00000000        0x0 d:/program files/7.0/toolchain/avr8/avr8-gnu-toolchain/bin/../lib/gcc/avr/5.4.0/avr5\libgcc.a(_negsi2.o)
 .text.libgcc.prologue
                0x00000000        0x0 d:/program files/7.0/toolchain/avr8/avr8-gnu-toolchain/bin/../lib/gcc/avr/5.4.0/avr5\libgcc.a(_negsi2.o)
 .text.libgcc.builtins
                0x00000000        0x0 d:/program files/7.0/toolchain/avr8/avr8-gnu-toolchain/bin/../lib/gcc/avr/5.4.0/avr5\libgcc.a(_negsi2.o)
 .text.libgcc.fmul
                0x00000000        0x0 d:/program files/7.0/toolchain/avr8/avr8-gnu-toolchain/bin/../lib/gcc/avr/5.4.0/avr5\libgcc.a(_negsi2.o)
 .text.libgcc.fixed
                0x00000000        0x0 d:/program files/7.0/toolchain/avr8/avr8-gnu-toolchain/bin/../lib/gcc/avr/5.4.0/avr5\libgcc.a(_negsi2.o)
 .text          0x00000000        0x0 d:/program files/7.0/toolchain/avr8/avr8-gnu-toolchain/bin/../lib/gcc/avr/5.4.0/avr5\libgcc.a(_exit.o)
 .data          0x00000000        0x0 d:/program files/7.0/toolchain/avr8/avr8-gnu-toolchain/bin/../lib/gcc/avr/5.4.0/avr5\libgcc.a(_exit.o)
 .bss           0x00000000        0x0 d:/program files/7.0/toolchain/avr8/avr8-gnu-toolchain/bin/../lib/gcc/avr/5.4.0/avr5\libgcc.a(_exit.o)
 .text.libgcc.mul
                0x00000000        0x0 d:/program files/7.0/toolchain/avr8/avr8-gnu-toolchain/bin/../lib/gcc/avr/5.4.0/avr5\libgcc.a(_exit.o)
 .text.libgcc.div
                0x00000000        0x0 d:/program files/7.0/toolchain/avr8/avr8-gnu-toolchain/bin/../lib/gcc/avr/5.4.0/avr5\libgcc.a(_exit.o)
 .text.libgcc   0x00000000        0x0 d:/program files/7.0/toolchain/avr8/avr8-gnu-toolchain/bin/../lib/gcc/avr/5.4.0/avr5\libgcc.a(_exit.o)
 .text.libgcc.prologue
                0x00000000        0x0 d:/program files/7.0/toolchain/avr8/avr8-gnu-toolchain/bin/../lib/gcc/avr/5.4.0/avr5\libgcc.a(_exit.o)
 .text.libgcc.builtins
                0x00000000        0x0 d:/program files/7.0/toolchain/avr8/avr8-gnu-toolchain/bin/../lib/gcc/avr/5.4.0/avr5\libgcc.a(_exit.o)
 .text.libgcc.fmul
                0x00000000        0x0 d:/program files/7.0/toolchain/avr8/avr8-gnu-toolchain/bin/../lib/gcc/avr/5.4.0/avr5\libgcc.a(_exit.o)
 .text.libgcc.fixed
                0x00000000        0x0 d:/program files/7.0/toolchain/avr8/avr8-gnu-toolchain/bin/../lib/gcc/avr/5.4.0/avr5\libgcc.a(_exit.o)
 .text          0x00000000        0x0 d:/program files/7.0/toolchain/avr8/avr8-gnu-toolchain/bin/../lib/gcc/avr/5.4.0/avr5\libgcc.a(_tablejump2.o)
 .data          0x00000000        0x0 d:/program files/7.0/toolchain/avr8/avr8-gnu-toolchain/bin/../lib/gcc/avr/5.4.0/avr5\libgcc.a(_tablejump2.o)
 .bss           0x00000000        0x0 d:/program files/7.0/toolchain/avr8/avr8-gnu-toolchain/bin/../lib/gcc/avr/5.4.0/avr5\libgcc.a(_tablejump2.o)
 .text.libgcc.mul
                0x00000000        0x0 d:/program files/7.0/toolchain/avr8/avr8-gnu-toolchain/bin/../lib/gcc/avr/5.4.0/avr5\libgcc.a(_tablejump2.o)
 .text.libgcc.div
                0x00000000        0x0 d:/program files/7.0/toolchain/avr8/avr8-gnu-toolchain/bin/../lib/gcc/avr/5.4.0/avr5\libgcc.a(_tablejump2.o)
 .text.libgcc.prologue
                0x00000000        0x0 d:/program files/7.0/toolchain/avr8/avr8-gnu-toolchain/bin/../lib/gcc/avr/5.4.0/avr5\libgcc.a(_tablejump2.o)
 .text.libgcc.builtins
                0x00000000        0x0 d:/program files/7.0/toolchain/avr8/avr8-gnu-toolchain/bin/../lib/gcc/avr/5.4.0/avr5\libgcc.a(_tablejump2.o)
 .text.libgcc.fmul
                0x00000000        0x0 d:/program files/7.0/toolchain/avr8/avr8-gnu-toolchain/bin/../lib/gcc/avr/5.4.0/avr5\libgcc.a(_tablejump2.o)
 .text.libgcc.fixed
                0x00000000        0x0 d:/program files/7.0/toolchain/avr8/avr8-gnu-toolchain/bin/../lib/gcc/avr/5.4.0/avr5\libgcc.a(_tablejump2.o)
 .text          0x00000000        0x0 d:/program files/7.0/toolchain/avr8/avr8-gnu-toolchain/bin/../lib/gcc/avr/5.4.0/avr5\libgcc.a(_copy_data.o)
 .data          0x00000000        0x0 d:/program files/7.0/toolchain/avr8/avr8-gnu-toolchain/bin/../lib/gcc/avr/5.4.0/avr5\libgcc.a(_copy_data.o)
 .bss           0x00000000        0x0 d:/program files/7.0/toolchain/avr8/avr8-gnu-toolchain/bin/../lib/gcc/avr/5.4.0/avr5\libgcc.a(_copy_data.o)
 .text.libgcc.mul
                0x00000000        0x0 d:/program files/7.0/toolchain/avr8/avr8-gnu-toolchain/bin/../lib/gcc/avr/5.4.0/avr5\libgcc.a(_copy_data.o)
 .text.libgcc.div
                0x00000000        0x0 d:/program files/7.0/toolchain/avr8/avr8-gnu-toolchain/bin/../lib/gcc/avr/5.4.0/avr5\libgcc.a(_copy_data.o)
 .text.libgcc   0x00000000        0x0 d:/program files/7.0/toolchain/avr8/avr8-gnu-toolchain/bin/../lib/gcc/avr/5.4.0/avr5\libgcc.a(_copy_data.o)
 .text.libgcc.prologue
                0x00000000        0x0 d:/program files/7.0/toolchain/avr8/avr8-gnu-toolchain/bin/../lib/gcc/avr/5.4.0/avr5\libgcc.a(_copy_data.o)
 .text.libgcc.builtins
                0x00000000        0x0 d:/program files/7.0/toolchain/avr8/avr8-gnu-toolchain/bin/../lib/gcc/avr/5.4.0/avr5\libgcc.a(_copy_data.o)
 .text.libgcc.fmul
                0x00000000        0x0 d:/program files/7.0/toolchain/avr8/avr8-gnu-toolchain/bin/../lib/gcc/avr/5.4.0/avr5\libgcc.a(_copy_data.o)
 .text.libgcc.fixed
                0x00000000        0x0 d:/program files/7.0/toolchain/avr8/avr8-gnu-toolchain/bin/../lib/gcc/avr/5.4.0/avr5\libgcc.a(_copy_data.o)
 .text          0x00000000        0x0 d:/program files/7.0/toolchain/avr8/avr8-gnu-toolchain/bin/../lib/gcc/avr/5.4.0/avr5\libgcc.a(_clear_bss.o)
 .data          0x00000000        0x0 d:/program files/7.0/toolchain/avr8/avr8-gnu-toolchain/bin/../lib/gcc/avr/5.4.0/avr5\libgcc.a(_clear_bss.o)
 .bss           0x00000000        0x0 d:/program files/7.0/toolchain/avr8/avr8-gnu-toolchain/bin/../lib/gcc/avr/5.4.0/avr5\libgcc.a(_clear_bss.o)
 .text.libgcc.mul
                0x00000000        0x0 d:/program files/7.0/toolchain/avr8/avr8-gnu-toolchain/bin/../lib/gcc/avr/5.4.0/avr5\libgcc.a(_clear_bss.o)
 .text.libgcc.div
                0x00000000        0x0 d:/program files/7.0/toolchain/avr8/avr8-gnu-toolchain/bin/../lib/gcc/avr/5.4.0/avr5\libgcc.a(_clear_bss.o)
 .text.libgcc   0x00000000        0x0 d:/program files/7.0/toolchain/avr8/avr8-gnu-toolchain/bin/../lib/gcc/avr/5.4.0/avr5\libgcc.a(_clear_bss.o)
 .text.libgcc.prologue
                0x00000000        0x0 d:/program files/7.0/toolchain/avr8/avr8-gnu-toolchain/bin/../lib/gcc/avr/5.4.0/avr5\libgcc.a(_clear_bss.o)
 .text.libgcc.builtins
                0x00000000        0x0 d:/program files/7.0/toolchain/avr8/avr8-gnu-toolchain/bin/../lib/gcc/avr/5.4.0/avr5\libgcc.a(_clear_bss.o)
 .text.libgcc.fmul
                0x00000000        0x0 d:/program files/7.0/toolchain/avr8/avr8-gnu-toolchain/bin/../lib/gcc/avr/5.4.0/avr5\libgcc.a(_clear_bss.o)
 .text.libgcc.fixed
                0x00000000        0x0 d:/program files/7.0/toolchain/avr8/avr8-gnu-toolchain/bin/../lib/gcc/avr/5.4.0/avr5\libgcc.a(_clear_bss.o)
 .text          0x00000000        0x0 d:/program files/7.0/toolchain/avr8/avr8-gnu-toolchain/bin/../lib/gcc/avr/5.4.0/avr5\libgcc.a(_umulhisi3.o)
 .data          0x00000000        0x0 d:/program files/7.0/toolchain/avr8/avr8-gnu-toolchain/bin/../lib/gcc/avr/5.4.0/avr5\libgcc.a(_umulhisi3.o)
 .bss           0x00000000        0x0 d:/program files/7.0/toolchain/avr8/avr8-gnu-toolchain/bin/../lib/gcc/avr/5.4.0/avr5\libgcc.a(_umulhisi3.o)
 .text.libgcc.div
                0x00000000        0x0 d:/program files/7.0/toolchain/avr8/avr8-gnu-toolchain/bin/../lib/gcc/avr/5.4.0/avr5\libgcc.a(_umulhisi3.o)
 .text.libgcc   0x00000000        0x0 d:/program files/7.0/toolchain/avr8/avr8-gnu-toolchain/bin/../lib/gcc/avr/5.4.0/avr5\libgcc.a(_umulhisi3.o)
 .text.libgcc.prologue
                0x00000000        0x0 d:/program files/7.0/toolchain/avr8/avr8-gnu-toolchain/bin/../lib/gcc/avr/5.4.0/avr5\libgcc.a(_umulhisi3.o)
 .text.libgcc.builtins
                0x00000000        0x0 d:/program files/7.0/toolchain/avr8/avr8-gnu-toolchain/bin/../lib/gcc/avr/5.4.0/avr5\libgcc.a(_umulhisi3.o)
 .text.libgcc.fmul
                0x00000000        0x0 d:/program files/7.0/toolchain/avr8/avr8-gnu-toolchain/bin/../lib/gcc/avr/5.4.0/avr5\libgcc.a(_umulhisi3.o)
 .text.libgcc.fixed
                0x00000000        0x0 d:/program files/7.0/toolchain/avr8/avr8-gnu-toolchain/bin/../lib/gcc/avr/5.4.0/avr5\libgcc.a(_umulhisi3.o)
 .text          0x00000000        0x0 d:/program files/7.0/toolchain/avr8/avr8-gnu-toolchain/bin/../lib/gcc/avr/5.4.0/avr5\libgcc.a(_udivmodhi4.o)
 .data          0x00000000        0x0 d:/program files/7.0/toolchain/avr8/avr8-gnu-toolchain/bin/../lib/gcc/avr/5.4.0/avr5\libgcc.a(_udivmodhi4.o)
 .bss           0x00000000        0x0 d:/program files/7.0/toolchain/avr8/avr8-gnu-toolchain/bin/../lib/gcc/avr/5.4.0/avr5\libgcc.a(_udivmodhi4.o)
 .text.libgcc.mul
                0x00000000        0x0 d:/program files/7.0/toolchain/avr8/avr8-gnu-toolchain/bin/../lib/gcc/avr/5.4.0/avr5\libgcc.a(_udivmodhi4.o)
 .text.libgcc.div
                0x00000000       0x28 d:/program files/7.0/toolchain/avr8/avr8-gnu-toolchain/bin/../lib/gcc/avr/5.4.0/avr5\libgcc.a(_udivmodhi4.o)
 .text.libgcc   0x00000000        0x0 d:/program files/7.0/toolchain/avr8/avr8-gnu-toolchain/bin/../lib/gcc/avr/5.4.0/avr5\libgcc.a(_udivmodhi4.o)
 .text.libgcc.prologue
                0x00000000        0x0 d:/program files/7.0/toolchain/avr8/avr8-gnu-toolchain/bin/../lib/gcc/avr/5.4.0/avr5\libgcc.a(_udivmodhi4.o)
 .text.libgcc.builtins
                0x00000000        0x0 d:/program files/7.0/toolchain/avr8/avr8-gnu-toolchain/bin/../lib/gcc/avr/5.4.0/avr5\libgcc.a(_udivmodhi4.o)
 .text.libgcc.fmul
                0x00000000        0x0 d:/program files/7.0/toolchain/avr8/avr8-gnu-toolchain/bin/../lib/gcc/avr/5.4.0/avr5\libgcc.a(_udivmodhi4.o)
 .text.libgcc.fixed
                0x00000000        0x0 d:/program files/7.0/toolchain/avr8/avr8-gnu-toolchain/bin/../lib/gcc/avr/5.4.0/avr5\libgcc.a(_udivmodhi4.o)

Memory Configuration

Name             Origin             Length             Attributes
text             0x00000000         0x00008000         xr
data             0x00800060         0x00000800         rw !x
eeprom           0x00810000         0x00000400         rw !x
fuse             0x00820000         0x00000002         rw !x
lock             0x00830000         0x00000400         rw !x
signature        0x00840000         0x00000400         rw !x
user_signatures  0x00850000         0x00000400         rw !x
*default*        0x00000000         0xffffffff

Linker script and memory map

LOAD D:/Program Files/7.0/Packs/atmel/ATmega_DFP/1.7.374/gcc/dev/atmega32/avr5/crtatmega32.o
LOAD HALL/DC_Motor.o
LOAD HALL/LDR.o
LOAD HALL/LM_35.o
LOAD HALL/servo motor.o
LOAD HALL/seven_segment.o
LOAD HALL/keypad.o
LOAD HALL/lcd.o
LOAD HALL/stepper_motor.o
LOAD main.o
LOAD MCAL/ADC.o
LOAD MCAL/DIO.o
LOAD MCAL/EXTI.o
LOAD MCAL/PWM.o
LOAD MCAL/SPI.o
LOAD MCAL/UART.o
START GROUP
LOAD d:/program files/7.0/toolchain/avr8/avr8-gnu-toolchain/bin/../lib/gcc/avr/5.4.0/../../../../avr/lib/avr5\libm.a
END GROUP
START GROUP
LOAD d:/program files/7.0/toolchain/avr8/avr8-gnu-toolchain/bin/../lib/gcc/avr/5.4.0/avr5\libgcc.a
LOAD d:/program files/7.0/toolchain/avr8/avr8-gnu-toolchain/bin/../lib/gcc/avr/5.4.0/../../../../avr/lib/avr5\libm.a
LOAD d:/program files/7.0/toolchain/avr8/avr8-gnu-toolchain/bin/../lib/gcc/avr/5.4.0/../../../../avr/lib/avr5\libc.a
LOAD D:/Program Files/7.0/Packs/atmel/ATmega_DFP/1.7.374/gcc/dev/atmega32/avr5\libatmega32.a
END GROUP
                0x00000000                __TEXT_REGION_ORIGIN__ = DEFINED (__TEXT_REGION_ORIGIN__)?__TEXT_REGION_ORIGIN__:0x0
                [0x00800060]                __DATA_REGION_ORIGIN__ = DEFINED (__DATA_REGION_ORIGIN__)?__DATA_REGION_ORIGIN__:0x800060
                [0x00008000]                __TEXT_REGION_LENGTH__ = DEFINED (__TEXT_REGION_LENGTH__)?__TEXT_REGION_LENGTH__:0x20000
                [0x00000800]                __DATA_REGION_LENGTH__ = DEFINED (__DATA_REGION_LENGTH__)?__DATA_REGION_LENGTH__:0xffa0
                [0x00000400]                __EEPROM_REGION_LENGTH__ = DEFINED (__EEPROM_REGION_LENGTH__)?__EEPROM_REGION_LENGTH__:0x10000
                [0x00000002]                __FUSE_REGION_LENGTH__ = DEFINED (__FUSE_REGION_LENGTH__)?__FUSE_REGION_LENGTH__:0x400
                0x00000400                __LOCK_REGION_LENGTH__ = DEFINED (__LOCK_REGION_LENGTH__)?__LOCK_REGION_LENGTH__:0x400
                0x00000400                __SIGNATURE_REGION_LENGTH__ = DEFINED (__SIGNATURE_REGION_LENGTH__)?__SIGNATURE_REGION_LENGTH__:0x400
                0x00000400                __USER_SIGNATURE_REGION_LENGTH__ = DEFINED (__USER_SIGNATURE_REGION_LENGTH__)?__USER_SIGNATURE_REGION_LENGTH__:0x400

.hash
 *(.hash)

.dynsym
 *(.dynsym)

.dynstr
 *(.dynstr)

.gnu.version
 *(.gnu.version)

.gnu.version_d
 *(.gnu.version_d)

.gnu.version_r
 *(.gnu.version_r)

.rel.init
 *(.rel.init)

.rela.init
 *(.rela.init)

.rel.text
 *(.rel.text)
 *(.rel.text.*)
 *(.rel.gnu.linkonce.t*)

.rela.text
 *(.rela.text)
 *(.rela.text.*)
 *(.rela.gnu.linkonce.t*)

.rel.fini
 *(.rel.fini)

.rela.fini
 *(.rela.fini)

.rel.rodata
 *(.rel.rodata)
 *(.rel.rodata.*)
 *(.rel.gnu.linkonce.r*)

.rela.rodata
 *(.rela.rodata)
 *(.rela.rodata.*)
 *(.rela.gnu.linkonce.r*)

.rel.data
 *(.rel.data)
 *(.rel.data.*)
 *(.rel.gnu.linkonce.d*)

.rela.data
 *(.rela.data)
 *(.rela.data.*)
 *(.rela.gnu.linkonce.d*)

.rel.ctors
 *(.rel.ctors)

.rela.ctors
 *(.rela.ctors)

.rel.dtors
 *(.rel.dtors)

.rela.dtors
 *(.rela.dtors)

.rel.got
 *(.rel.got)

.rela.got
 *(.rela.got)

.rel.bss
 *(.rel.bss)

.rela.bss
 *(.rela.bss)

.rel.plt
 *(.rel.plt)

.rela.plt
 *(.rela.plt)

.text           0x00000000     0x143c
 *(.vectors)
 .vectors       0x00000000       0x54 D:/Program Files/7.0/Packs/atmel/ATmega_DFP/1.7.374/gcc/dev/atmega32/avr5/crtatmega32.o
                0x00000000                __vector_default
                0x00000000                __vectors
 *(.vectors)
 *(.progmem.gcc*)
 .progmem.gcc_sw_table.MCAL_ADC_INIT
                0x00000054       0x10 MCAL/ADC.o
 .progmem.gcc_sw_table.MCAL_ADC_REED
                0x00000064       0x10 MCAL/ADC.o
                0x00000074                . = ALIGN (0x2)
                0x00000074                __trampolines_start = .
 *(.trampolines)
 .trampolines   0x00000074        0x0 linker stubs
 *(.trampolines*)
                0x00000074                __trampolines_end = .
 *libprintf_flt.a:*(.progmem.data)
 *libc.a:*(.progmem.data)
 *(.progmem*)
                0x00000074                . = ALIGN (0x2)
 *(.jumptables)
 *(.jumptables*)
 *(.lowtext)
 *(.lowtext*)
                0x00000074                __ctors_start = .
 *(.ctors)
                0x00000074                __ctors_end = .
                0x00000074                __dtors_start = .
 *(.dtors)
                0x00000074                __dtors_end = .
 SORT(*)(.ctors)
 SORT(*)(.dtors)
 *(.init0)
 .init0         0x00000074        0x0 D:/Program Files/7.0/Packs/atmel/ATmega_DFP/1.7.374/gcc/dev/atmega32/avr5/crtatmega32.o
                0x00000074                __init
 *(.init0)
 *(.init1)
 *(.init1)
 *(.init2)
 .init2         0x00000074        0xc D:/Program Files/7.0/Packs/atmel/ATmega_DFP/1.7.374/gcc/dev/atmega32/avr5/crtatmega32.o
 *(.init2)
 *(.init3)
 *(.init3)
 *(.init4)
 .init4         0x00000080       0x16 d:/program files/7.0/toolchain/avr8/avr8-gnu-toolchain/bin/../lib/gcc/avr/5.4.0/avr5\libgcc.a(_copy_data.o)
                0x00000080                __do_copy_data
 .init4         0x00000096       0x10 d:/program files/7.0/toolchain/avr8/avr8-gnu-toolchain/bin/../lib/gcc/avr/5.4.0/avr5\libgcc.a(_clear_bss.o)
                0x00000096                __do_clear_bss
 *(.init4)
 *(.init5)
 *(.init5)
 *(.init6)
 *(.init6)
 *(.init7)
 *(.init7)
 *(.init8)
 *(.init8)
 *(.init9)
 .init9         0x000000a6        0x8 D:/Program Files/7.0/Packs/atmel/ATmega_DFP/1.7.374/gcc/dev/atmega32/avr5/crtatmega32.o
 *(.init9)
 *(.text)
 .text          0x000000ae        0x4 D:/Program Files/7.0/Packs/atmel/ATmega_DFP/1.7.374/gcc/dev/atmega32/avr5/crtatmega32.o
                0x000000ae                __vector_12
                0x000000ae                __bad_interrupt
                0x000000ae                __vector_6
                0x000000ae                __vector_11
                0x000000ae                __vector_13
                0x000000ae                __vector_17
                0x000000ae                __vector_19
                0x000000ae                __vector_7
                0x000000ae                __vector_5
                0x000000ae                __vector_4
                0x000000ae                __vector_9
                0x000000ae                __vector_15
                0x000000ae                __vector_8
                0x000000ae                __vector_14
                0x000000ae                __vector_10
                0x000000ae                __vector_16
                0x000000ae                __vector_18
                0x000000ae                __vector_20
                0x000000b2                . = ALIGN (0x2)
 *(.text.*)
 .text.HALL_DC_MOTOR_forword
                0x000000b2       0x56 HALL/DC_Motor.o
                0x000000b2                HALL_DC_MOTOR_forword
 .text.HALL_DC_MOTOR_backword
                0x00000108       0x38 HALL/DC_Motor.o
                0x00000108                HALL_DC_MOTOR_backword
 .text.HALL_LDR_INIT
                0x00000140       0x42 HALL/LDR.o
                0x00000140                HALL_LDR_INIT
 .text.HALL_LDR_REED
                0x00000182       0x3e HALL/LDR.o
                0x00000182                HALL_LDR_REED
 .text.HALL_LM35_INIT
                0x000001c0       0x38 HALL/LM_35.o
                0x000001c0                HALL_LM35_INIT
 .text.HALL_LM35_REED
                0x000001f8       0x7a HALL/LM_35.o
                0x000001f8                HALL_LM35_REED
 .text.Servo_Init
                0x00000272        0x6 HALL/servo motor.o
                0x00000272                Servo_Init
 .text.Servo_Angle
                0x00000278       0x3c HALL/servo motor.o
                0x00000278                Servo_Angle
 .text.LCD_lcd_kick
                0x000002b4       0x1a HALL/lcd.o
                0x000002b4                LCD_lcd_kick
 .text.LCD_check_lcd_isbusy
                0x000002ce       0x24 HALL/lcd.o
                0x000002ce                LCD_check_lcd_isbusy
 .text.LCD_WRITE_COMMAND
                0x000002f2       0x24 HALL/lcd.o
                0x000002f2                LCD_WRITE_COMMAND
 .text.LCD_GOTO_XY
                0x00000316       0x2e HALL/lcd.o
                0x00000316                LCD_GOTO_XY
 .text.LCD_clear_screen
                0x00000344        0x8 HALL/lcd.o
                0x00000344                LCD_clear_screen
 .text.LCD_INIT
                0x0000034c       0x46 HALL/lcd.o
                0x0000034c                LCD_INIT
 .text.LCD_WRITE_CHAR
                0x00000392       0x2a HALL/lcd.o
                0x00000392                LCD_WRITE_CHAR
 .text.LCD_WRITE_STRING
                0x000003bc       0x52 HALL/lcd.o
                0x000003bc                LCD_WRITE_STRING
 .text.display_int_number
                0x0000040e       0xaa HALL/lcd.o
                0x0000040e                display_int_number
 .text.stepper_morot_init
                0x000004b8       0x3c HALL/stepper_motor.o
                0x000004b8                stepper_morot_init
 .text.stepper_morot_CCW
                0x000004f4      0x15a HALL/stepper_motor.o
                0x000004f4                stepper_morot_CCW
 .text.main     0x0000064e      0x3bc main.o
                0x0000064e                main
 .text.MCAL_ADC_INIT
                0x00000a0a       0xcc MCAL/ADC.o
                0x00000a0a                MCAL_ADC_INIT
 .text.MCAL_ADC_REED
                0x00000ad6       0x96 MCAL/ADC.o
                0x00000ad6                MCAL_ADC_REED
 .text.MCAL_DIO_PIN_Dir
                0x00000b6c       0xe2 MCAL/DIO.o
                0x00000b6c                MCAL_DIO_PIN_Dir
 .text.MCAL_DIO_PIN_val
                0x00000c4e       0xe2 MCAL/DIO.o
                0x00000c4e                MCAL_DIO_PIN_val
 .text.__vector_1
                0x00000d30       0x58 MCAL/EXTI.o
                0x00000d30                __vector_1
 .text.__vector_3
                0x00000d88       0x6a MCAL/EXTI.o
                0x00000d88                __vector_3
 .text.__vector_2
                0x00000df2       0x58 MCAL/EXTI.o
                0x00000df2                __vector_2
 .text.PWM0_Init
                0x00000e4a       0x1a MCAL/PWM.o
                0x00000e4a                PWM0_Init
 .text.PWM0_Start
                0x00000e64       0x14 MCAL/PWM.o
                0x00000e64                PWM0_Start
 .text.PWM_SetDutyCycle
                0x00000e78       0x38 MCAL/PWM.o
                0x00000e78                PWM_SetDutyCycle
 .text.MCAL_SPI_INIT
                0x00000eb0       0x4a MCAL/SPI.o
                0x00000eb0                MCAL_SPI_INIT
 .text.MCAL_SPI_resive
                0x00000efa        0xc MCAL/SPI.o
                0x00000efa                MCAL_SPI_resive
 .text.MCAL_SPI_DIO_SET_PINS
                0x00000f06       0x60 MCAL/SPI.o
                0x00000f06                MCAL_SPI_DIO_SET_PINS
 .text.avr-libc.fplib
                0x00000f66        0xe d:/program files/7.0/toolchain/avr8/avr8-gnu-toolchain/bin/../lib/gcc/avr/5.4.0/../../../../avr/lib/avr5\libm.a(addsf3.o)
                0x00000f66                __subsf3
                0x00000f68                __addsf3
 .text.avr-libc.fplib
                0x00000f74       0xcc d:/program files/7.0/toolchain/avr8/avr8-gnu-toolchain/bin/../lib/gcc/avr/5.4.0/../../../../avr/lib/avr5\libm.a(addsf3x.o)
                0x00000f96                __addsf3x
 .text.avr-libc.fplib
                0x00001040        0xa d:/program files/7.0/toolchain/avr8/avr8-gnu-toolchain/bin/../lib/gcc/avr/5.4.0/../../../../avr/lib/avr5\libm.a(cmpsf2.o)
                0x00001040                __nesf2
                0x00001040                __eqsf2
                0x00001040                __cmpsf2
                0x00001040                __ltsf2
                0x00001040                __lesf2
 .text.avr-libc.fplib
                0x0000104a        0x8 d:/program files/7.0/toolchain/avr8/avr8-gnu-toolchain/bin/../lib/gcc/avr/5.4.0/../../../../avr/lib/avr5\libm.a(divsf3.o)
                0x0000104a                __divsf3
 .text.avr-libc.fplib
                0x00001052       0xdc d:/program files/7.0/toolchain/avr8/avr8-gnu-toolchain/bin/../lib/gcc/avr/5.4.0/../../../../avr/lib/avr5\libm.a(divsf3x.o)
                0x00001072                __divsf3x
                0x00001078                __divsf3_pse
 .text.avr-libc.fplib
                0x0000112e       0x5e d:/program files/7.0/toolchain/avr8/avr8-gnu-toolchain/bin/../lib/gcc/avr/5.4.0/../../../../avr/lib/avr5\libm.a(fixunssfsi.o)
                0x0000112e                __fixunssfsi
 .text.avr-libc.fplib
                0x0000118c       0x7a d:/program files/7.0/toolchain/avr8/avr8-gnu-toolchain/bin/../lib/gcc/avr/5.4.0/../../../../avr/lib/avr5\libm.a(floatsisf.o)
                0x0000118c                __floatunsisf
                0x00001190                __floatsisf
 .text.avr-libc.fplib
                0x00001206       0x48 d:/program files/7.0/toolchain/avr8/avr8-gnu-toolchain/bin/../lib/gcc/avr/5.4.0/../../../../avr/lib/avr5\libm.a(fp_cmp.o)
                0x00001206                __fp_cmp
 .text.avr-libc.fplib
                0x0000124e        0xc d:/program files/7.0/toolchain/avr8/avr8-gnu-toolchain/bin/../lib/gcc/avr/5.4.0/../../../../avr/lib/avr5\libm.a(fp_inf.o)
                0x0000124e                __fp_inf
 .text.avr-libc.fplib
                0x0000125a        0x6 d:/program files/7.0/toolchain/avr8/avr8-gnu-toolchain/bin/../lib/gcc/avr/5.4.0/../../../../avr/lib/avr5\libm.a(fp_nan.o)
                0x0000125a                __fp_nan
 .text.avr-libc.fplib
                0x00001260        0xe d:/program files/7.0/toolchain/avr8/avr8-gnu-toolchain/bin/../lib/gcc/avr/5.4.0/../../../../avr/lib/avr5\libm.a(fp_pscA.o)
                0x00001260                __fp_pscA
 .text.avr-libc.fplib
                0x0000126e        0xe d:/program files/7.0/toolchain/avr8/avr8-gnu-toolchain/bin/../lib/gcc/avr/5.4.0/../../../../avr/lib/avr5\libm.a(fp_pscB.o)
                0x0000126e                __fp_pscB
 .text.avr-libc.fplib
                0x0000127c       0x22 d:/program files/7.0/toolchain/avr8/avr8-gnu-toolchain/bin/../lib/gcc/avr/5.4.0/../../../../avr/lib/avr5\libm.a(fp_round.o)
                0x0000127c                __fp_round
 .text.avr-libc.fplib
                0x0000129e       0x44 d:/program files/7.0/toolchain/avr8/avr8-gnu-toolchain/bin/../lib/gcc/avr/5.4.0/../../../../avr/lib/avr5\libm.a(fp_split3.o)
                0x0000129e                __fp_split3
                0x000012ae                __fp_splitA
 .text.avr-libc.fplib
                0x000012e2        0xe d:/program files/7.0/toolchain/avr8/avr8-gnu-toolchain/bin/../lib/gcc/avr/5.4.0/../../../../avr/lib/avr5\libm.a(fp_zero.o)
                0x000012e2                __fp_zero
                0x000012e4                __fp_szero
 .text.avr-libc.fplib
                0x000012f0        0x8 d:/program files/7.0/toolchain/avr8/avr8-gnu-toolchain/bin/../lib/gcc/avr/5.4.0/../../../../avr/lib/avr5\libm.a(mulsf3.o)
                0x000012f0                __mulsf3
 .text.avr-libc.fplib
                0x000012f8       0xd2 d:/program files/7.0/toolchain/avr8/avr8-gnu-toolchain/bin/../lib/gcc/avr/5.4.0/../../../../avr/lib/avr5\libm.a(mulsf3x.o)
                0x00001316                __mulsf3x
                0x0000131c                __mulsf3_pse
 .text.libgcc.div
                0x000013ca       0x44 d:/program files/7.0/toolchain/avr8/avr8-gnu-toolchain/bin/../lib/gcc/avr/5.4.0/avr5\libgcc.a(_udivmodsi4.o)
                0x000013ca                __udivmodsi4
 .text.libgcc   0x0000140e        0xc d:/program files/7.0/toolchain/avr8/avr8-gnu-toolchain/bin/../lib/gcc/avr/5.4.0/avr5\libgcc.a(_tablejump2.o)
                0x0000140e                __tablejump2__
 .text.libgcc.mul
                0x0000141a       0x1e d:/program files/7.0/toolchain/avr8/avr8-gnu-toolchain/bin/../lib/gcc/avr/5.4.0/avr5\libgcc.a(_umulhisi3.o)
                0x0000141a                __umulhisi3
                0x00001438                . = ALIGN (0x2)
 *(.fini9)
 .fini9         0x00001438        0x0 d:/program files/7.0/toolchain/avr8/avr8-gnu-toolchain/bin/../lib/gcc/avr/5.4.0/avr5\libgcc.a(_exit.o)
                0x00001438                _exit
                0x00001438                exit
 *(.fini9)
 *(.fini8)
 *(.fini8)
 *(.fini7)
 *(.fini7)
 *(.fini6)
 *(.fini6)
 *(.fini5)
 *(.fini5)
 *(.fini4)
 *(.fini4)
 *(.fini3)
 *(.fini3)
 *(.fini2)
 *(.fini2)
 *(.fini1)
 *(.fini1)
 *(.fini0)
 .fini0         0x00001438        0x4 d:/program files/7.0/toolchain/avr8/avr8-gnu-toolchain/bin/../lib/gcc/avr/5.4.0/avr5\libgcc.a(_exit.o)
 *(.fini0)
                0x0000143c                _etext = .

.data           0x00800060       0xe6 load address 0x0000143c
                0x00800060                PROVIDE (__data_start, .)
 *(.data)
 *(.data*)
 *(.gnu.linkonce.d*)
 *(.rodata)
 *(.rodata*)
 .rodata.str1.1
                0x00800060       0xe5 main.o
                                 0xeb (size before relaxing)
 *(.gnu.linkonce.r*)
                0x00800146                . = ALIGN (0x2)
 *fill*         0x00800145        0x1 
                0x00800146                _edata = .
                0x00800146                PROVIDE (__data_end, .)

.bss            0x00800146       0x13
                0x00800146                PROVIDE (__bss_start, .)
 *(.bss)
 *(.bss*)
 .bss.GL_ADC_configs
                0x00800146       0x10 MCAL/ADC.o
                0x00800146                GL_ADC_configs
 .bss.GP        0x00800156        0x2 MCAL/SPI.o
                0x00800156                GP
 *(COMMON)
 COMMON         0x00800158        0x1 main.o
                0x00800158                data1
                0x00800159                PROVIDE (__bss_end, .)
                0x0000143c                __data_load_start = LOADADDR (.data)
                0x00001522                __data_load_end = (__data_load_start + SIZEOF (.data))

.noinit         0x00800159        0x0
                [!provide]                PROVIDE (__noinit_start, .)
 *(.noinit*)
                [!provide]                PROVIDE (__noinit_end, .)
                0x00800159                _end = .
                [!provide]                PROVIDE (__heap_start, .)

.eeprom         0x00810000        0x0
 *(.eeprom*)
                0x00810000                __eeprom_end = .

.fuse
 *(.fuse)
 *(.lfuse)
 *(.hfuse)
 *(.efuse)

.lock
 *(.lock*)

.signature
 *(.signature*)

.user_signatures
 *(.user_signatures*)

.stab
 *(.stab)

.stabstr
 *(.stabstr)

.stab.excl
 *(.stab.excl)

.stab.exclstr
 *(.stab.exclstr)

.stab.index
 *(.stab.index)

.stab.indexstr
 *(.stab.indexstr)

.comment        0x00000000       0x30
 *(.comment)
 .comment       0x00000000       0x30 HALL/DC_Motor.o
                                 0x31 (size before relaxing)
 .comment       0x00000030       0x31 HALL/LDR.o
 .comment       0x00000030       0x31 HALL/LM_35.o
 .comment       0x00000030       0x31 HALL/servo motor.o
 .comment       0x00000030       0x31 HALL/lcd.o
 .comment       0x00000030       0x31 HALL/stepper_motor.o
 .comment       0x00000030       0x31 main.o
 .comment       0x00000030       0x31 MCAL/ADC.o
 .comment       0x00000030       0x31 MCAL/DIO.o
 .comment       0x00000030       0x31 MCAL/EXTI.o
 .comment       0x00000030       0x31 MCAL/PWM.o
 .comment       0x00000030       0x31 MCAL/SPI.o

.note.gnu.avr.deviceinfo
                0x00000000       0x3c
 .note.gnu.avr.deviceinfo
                0x00000000       0x3c D:/Program Files/7.0/Packs/atmel/ATmega_DFP/1.7.374/gcc/dev/atmega32/avr5/crtatmega32.o

.note.gnu.build-id
 *(.note.gnu.build-id)

.debug
 *(.debug)

.line
 *(.line)

.debug_srcinfo
 *(.debug_srcinfo)

.debug_sfnames
 *(.debug_sfnames)

.debug_aranges  0x00000000      0x2a8
 *(.debug_aranges)
 .debug_aranges
                0x00000000       0x30 HALL/DC_Motor.o
 .debug_aranges
                0x00000030       0x28 HALL/LDR.o
 .debug_aranges
                0x00000058       0x28 HALL/LM_35.o
 .debug_aranges
                0x00000080       0x28 HALL/servo motor.o
 .debug_aranges
                0x000000a8       0x68 HALL/lcd.o
 .debug_aranges
                0x00000110       0x38 HALL/stepper_motor.o
 .debug_aranges
                0x00000148       0x20 main.o
 .debug_aranges
                0x00000168       0x28 MCAL/ADC.o
 .debug_aranges
                0x00000190       0x50 MCAL/DIO.o
 .debug_aranges
                0x000001e0       0x48 MCAL/EXTI.o
 .debug_aranges
                0x00000228       0x38 MCAL/PWM.o
 .debug_aranges
                0x00000260       0x48 MCAL/SPI.o

.debug_pubnames
 *(.debug_pubnames)

.debug_info     0x00000000     0x33c7
 *(.debug_info .gnu.linkonce.wi.*)
 .debug_info    0x00000000      0x4e6 D:/Program Files/7.0/Packs/atmel/ATmega_DFP/1.7.374/gcc/dev/atmega32/avr5/crtatmega32.o
 .debug_info    0x000004e6      0x384 HALL/DC_Motor.o
 .debug_info    0x0000086a      0x1b0 HALL/LDR.o
 .debug_info    0x00000a1a      0x1a1 HALL/LM_35.o
 .debug_info    0x00000bbb      0x10f HALL/servo motor.o
 .debug_info    0x00000cca      0x5ec HALL/lcd.o
 .debug_info    0x000012b6      0x96d HALL/stepper_motor.o
 .debug_info    0x00001c23      0xcf7 main.o
 .debug_info    0x0000291a      0x1ab MCAL/ADC.o
 .debug_info    0x00002ac5      0x204 MCAL/DIO.o
 .debug_info    0x00002cc9      0x31e MCAL/EXTI.o
 .debug_info    0x00002fe7       0xd4 MCAL/PWM.o
 .debug_info    0x000030bb      0x30c MCAL/SPI.o

.debug_abbrev   0x00000000     0x10d1
 *(.debug_abbrev)
 .debug_abbrev  0x00000000      0x4a3 D:/Program Files/7.0/Packs/atmel/ATmega_DFP/1.7.374/gcc/dev/atmega32/avr5/crtatmega32.o
 .debug_abbrev  0x000004a3      0x100 HALL/DC_Motor.o
 .debug_abbrev  0x000005a3       0xdb HALL/LDR.o
 .debug_abbrev  0x0000067e       0xce HALL/LM_35.o
 .debug_abbrev  0x0000074c       0xb1 HALL/servo motor.o
 .debug_abbrev  0x000007fd      0x1c6 HALL/lcd.o
 .debug_abbrev  0x000009c3      0x138 HALL/stepper_motor.o
 .debug_abbrev  0x00000afb      0x18c main.o
 .debug_abbrev  0x00000c87       0xf6 MCAL/ADC.o
 .debug_abbrev  0x00000d7d       0xb4 MCAL/DIO.o
 .debug_abbrev  0x00000e31      0x11a MCAL/EXTI.o
 .debug_abbrev  0x00000f4b       0x78 MCAL/PWM.o
 .debug_abbrev  0x00000fc3      0x10e MCAL/SPI.o

.debug_line     0x00000000     0x18d8
 *(.debug_line .debug_line.* .debug_line_end)
 .debug_line    0x00000000      0x116 D:/Program Files/7.0/Packs/atmel/ATmega_DFP/1.7.374/gcc/dev/atmega32/avr5/crtatmega32.o
 .debug_line    0x00000116      0x185 HALL/DC_Motor.o
 .debug_line    0x0000029b      0x112 HALL/LDR.o
 .debug_line    0x000003ad      0x113 HALL/LM_35.o
 .debug_line    0x000004c0       0xb2 HALL/servo motor.o
 .debug_line    0x00000572      0x3cf HALL/lcd.o
 .debug_line    0x00000941      0x374 HALL/stepper_motor.o
 .debug_line    0x00000cb5      0x3e8 main.o
 .debug_line    0x0000109d      0x179 MCAL/ADC.o
 .debug_line    0x00001216      0x20b MCAL/DIO.o
 .debug_line    0x00001421      0x212 MCAL/EXTI.o
 .debug_line    0x00001633       0xfa MCAL/PWM.o
 .debug_line    0x0000172d      0x1ab MCAL/SPI.o

.debug_frame    0x00000000      0x680
 *(.debug_frame)
 .debug_frame   0x00000000       0x74 HALL/DC_Motor.o
 .debug_frame   0x00000074       0x54 HALL/LDR.o
 .debug_frame   0x000000c8       0x54 HALL/LM_35.o
 .debug_frame   0x0000011c       0x34 HALL/servo motor.o
 .debug_frame   0x00000150      0x15c HALL/lcd.o
 .debug_frame   0x000002ac       0xd4 HALL/stepper_motor.o
 .debug_frame   0x00000380       0x34 main.o
 .debug_frame   0x000003b4       0x34 MCAL/ADC.o
 .debug_frame   0x000003e8       0x84 MCAL/DIO.o
 .debug_frame   0x0000046c      0x14c MCAL/EXTI.o
 .debug_frame   0x000005b8       0x54 MCAL/PWM.o
 .debug_frame   0x0000060c       0x74 MCAL/SPI.o

.debug_str      0x00000000      0x8a9
 *(.debug_str)
 .debug_str     0x00000000      0x196 D:/Program Files/7.0/Packs/atmel/ATmega_DFP/1.7.374/gcc/dev/atmega32/avr5/crtatmega32.o
 .debug_str     0x00000196      0x1e8 HALL/DC_Motor.o
                                0x21c (size before relaxing)
 .debug_str     0x0000037e       0xa1 HALL/LDR.o
                                0x1fd (size before relaxing)
 .debug_str     0x0000041f       0x47 HALL/LM_35.o
                                0x209 (size before relaxing)
 .debug_str     0x00000466       0x48 HALL/servo motor.o
                                0x19c (size before relaxing)
 .debug_str     0x000004ae      0x126 HALL/lcd.o
                                0x2d0 (size before relaxing)
 .debug_str     0x000005d4       0x85 HALL/stepper_motor.o
                                0x249 (size before relaxing)
 .debug_str     0x00000659       0xdf main.o
                                0x3a9 (size before relaxing)
 .debug_str     0x00000738       0x2e MCAL/ADC.o
                                0x1f9 (size before relaxing)
 .debug_str     0x00000766       0x7e MCAL/DIO.o
                                0x1eb (size before relaxing)
 .debug_str     0x000007e4       0x69 MCAL/EXTI.o
                                0x23c (size before relaxing)
 .debug_str     0x0000084d       0x18 MCAL/PWM.o
                                0x189 (size before relaxing)
 .debug_str     0x00000865       0x44 MCAL/SPI.o
                                0x25a (size before relaxing)

.debug_loc      0x00000000     0x1d42
 *(.debug_loc)
 .debug_loc     0x00000000      0x2d0 HALL/DC_Motor.o
 .debug_loc     0x000002d0       0x90 HALL/LDR.o
 .debug_loc     0x00000360       0xf7 HALL/LM_35.o
 .debug_loc     0x00000457       0x2c HALL/servo motor.o
 .debug_loc     0x00000483      0x6b7 HALL/lcd.o
 .debug_loc     0x00000b3a      0x7b0 HALL/stepper_motor.o
 .debug_loc     0x000012ea      0x27b main.o
 .debug_loc     0x00001565       0x55 MCAL/ADC.o
 .debug_loc     0x000015ba      0x2fd MCAL/DIO.o
 .debug_loc     0x000018b7      0x3bb MCAL/EXTI.o
 .debug_loc     0x00001c72       0x2c MCAL/PWM.o
 .debug_loc     0x00001c9e       0xa4 MCAL/SPI.o

.debug_macinfo
 *(.debug_macinfo)

.debug_weaknames
 *(.debug_weaknames)

.debug_funcnames
 *(.debug_funcnames)

.debug_typenames
 *(.debug_typenames)

.debug_varnames
 *(.debug_varnames)

.debug_pubtypes
 *(.debug_pubtypes)

.debug_ranges   0x00000000      0x200
 *(.debug_ranges)
 .debug_ranges  0x00000000       0x20 HALL/DC_Motor.o
 .debug_ranges  0x00000020       0x18 HALL/LDR.o
 .debug_ranges  0x00000038       0x18 HALL/LM_35.o
 .debug_ranges  0x00000050       0x18 HALL/servo motor.o
 .debug_ranges  0x00000068       0x70 HALL/lcd.o
 .debug_ranges  0x000000d8       0x28 HALL/stepper_motor.o
 .debug_ranges  0x00000100       0x10 main.o
 .debug_ranges  0x00000110       0x18 MCAL/ADC.o
 .debug_ranges  0x00000128       0x40 MCAL/DIO.o
 .debug_ranges  0x00000168       0x38 MCAL/EXTI.o
 .debug_ranges  0x000001a0       0x28 MCAL/PWM.o
 .debug_ranges  0x000001c8       0x38 MCAL/SPI.o

.debug_macro
 *(.debug_macro)
OUTPUT(ATMEGA_32.elf elf32-avr)
LOAD linker stubs
